SQL> SELECT *
  2  FROM PROFESOR;

       DNI P                                                                   CAR CAT                                                                                                                  
---------- ------------------------------------------------------------ ---------- -----                                                                                                                
      1111 Juan                                                                  6 CU                                                                                                                   
      2222 Carlos                                                                7 TU                                                                                                                   
      3333 Pedro                                                                 4 TEU                                                                                                                  
      4444 Maria                                                                 7 TU                                                                                                                   
      5555 Ivan                                                                  1 CEU                                                                                                                  
      6666 Carmen                                                                3 CD                                                                                                                   
      7777 Mario                                                                 2 TU                                                                                                                   
      8888 Francisco                                                             5 TU                                                                                                                   
      9999 Angela                                                                8 TEU                                                                                                                  
      1010 David                                                                 4 TU                                                                                                                   
      2020 Soledad                                                               7 CU                                                                                                                   
      3030 Jose Manuel                                                           6 TEU                                                                                                                  

12 rows selected.

SQL> INSERT INTO PROFESOR
  2  VALUES(4040.'Carmelo',7,'TU');
VALUES(4040.'Carmelo',7,'TU')
            *
ERROR at line 2:
ORA-00917: missing comma 


SQL> INSERT INTO PROFESOR
  2  VALUES(4040,'Carmelo',7,'TU');

1 row created.

SQL> SELECT *
  2  FROM PROFESOR
  3  ;

       DNI P                                                                   CAR CAT                                                                                                                  
---------- ------------------------------------------------------------ ---------- -----                                                                                                                
      4040 Carmelo                                                               7 TU                                                                                                                   
      1111 Juan                                                                  6 CU                                                                                                                   
      2222 Carlos                                                                7 TU                                                                                                                   
      3333 Pedro                                                                 4 TEU                                                                                                                  
      4444 Maria                                                                 7 TU                                                                                                                   
      5555 Ivan                                                                  1 CEU                                                                                                                  
      6666 Carmen                                                                3 CD                                                                                                                   
      7777 Mario                                                                 2 TU                                                                                                                   
      8888 Francisco                                                             5 TU                                                                                                                   
      9999 Angela                                                                8 TEU                                                                                                                  
      1010 David                                                                 4 TU                                                                                                                   
      2020 Soledad                                                               7 CU                                                                                                                   
      3030 Jose Manuel                                                           6 TEU                                                                                                                  

13 rows selected.

SQL> ROLLBACK;

Rollback complete.

SQL> SELECT *
  2  FROM PROFESOR;

       DNI P                                                                   CAR CAT                                                                                                                  
---------- ------------------------------------------------------------ ---------- -----                                                                                                                
      1111 Juan                                                                  6 CU                                                                                                                   
      2222 Carlos                                                                7 TU                                                                                                                   
      3333 Pedro                                                                 4 TEU                                                                                                                  
      4444 Maria                                                                 7 TU                                                                                                                   
      5555 Ivan                                                                  1 CEU                                                                                                                  
      6666 Carmen                                                                3 CD                                                                                                                   
      7777 Mario                                                                 2 TU                                                                                                                   
      8888 Francisco                                                             5 TU                                                                                                                   
      9999 Angela                                                                8 TEU                                                                                                                  
      1010 David                                                                 4 TU                                                                                                                   
      2020 Soledad                                                               7 CU                                                                                                                   
      3030 Jose Manuel                                                           6 TEU                                                                                                                  

12 rows selected.

SQL> INSERT INTO PROFESOR
  2  VALUES(4040,'Carmelo',7,'TU');

1 row created.

SQL> COMMIT WORK;

Commit complete.

SQL> INSERT INTO PROFESOR
  2  VALUES(5050,'Carina',9,'CEU');
INSERT INTO PROFESOR
*
ERROR at line 1:
ORA-02291: integrity constraint (ALU0100958379.SYS_C0017955) violated - parent key not found 


SQL> INSERT INTO PROFESOR
  2  VALUES(5050,'Carina',8,'CEU');

1 row created.

SQL> SELECT *
  2  FROM PROFESOR;

       DNI P                                                                   CAR CAT                                                                                                                  
---------- ------------------------------------------------------------ ---------- -----                                                                                                                
      4040 Carmelo                                                               7 TU                                                                                                                   
      5050 Carina                                                                8 CEU                                                                                                                  
      1111 Juan                                                                  6 CU                                                                                                                   
      2222 Carlos                                                                7 TU                                                                                                                   
      3333 Pedro                                                                 4 TEU                                                                                                                  
      4444 Maria                                                                 7 TU                                                                                                                   
      5555 Ivan                                                                  1 CEU                                                                                                                  
      6666 Carmen                                                                3 CD                                                                                                                   
      7777 Mario                                                                 2 TU                                                                                                                   
      8888 Francisco                                                             5 TU                                                                                                                   
      9999 Angela                                                                8 TEU                                                                                                                  
      1010 David                                                                 4 TU                                                                                                                   
      2020 Soledad                                                               7 CU                                                                                                                   
      3030 Jose Manuel                                                           6 TEU                                                                                                                  

14 rows selected.

SQL> COMMIT WORK;

Commit complete.

SQL> SELECT *
  2  FROM PLAN_DOCENTE;

       DNI        CAS        CTA        CPA        CLA FI        FF                                                                                                                                     
---------- ---------- ---------- ---------- ---------- --------- ---------                                                                                                                              
      2222          3        1.5          0        1.5 01-SEP-06 31-AUG-07                                                                                                                              
      1010          9          3          0          3 01-SEP-08 31-AUG-09                                                                                                                              
      1010          9        1.5          0        1.5 01-SEP-09                                                                                                                                        
      9999          7          3          3          0 01-SEP-10                                                                                                                                        
      5555          6          3          3          0 31-MAR-10                                                                                                                                        
      6666         10          3        1.5        1.5 01-SEP-08 31-AUG-11                                                                                                                              
      8888         11          6          0          0 01-SEP-09                                                                                                                                        
      2020          3        1.5          0        1.5 01-SEP-08                                                                                                                                        
      7777         12        4.5          3          0 01-SEP-10                                                                                                                                        
      3333          9        1.5          0        1.5 01-SEP-09                                                                                                                                        
      4444          1          3        1.5        1.5 01-SEP-11                                                                                                                                        
      4444          4        1.5          0        1.5 01-SEP-08 31-AUG-10                                                                                                                              
      4444          5          3          0          0 01-SEP-10                                                                                                                                        
      1111          8          3        1.5        1.5 01-SEP-07 31-AUG-09                                                                                                                              
      1111          8          3          0          0 01-SEP-09                                                                                                                                        
      3030          8          0        1.5        1.5 01-SEP-09                                                                                                                                        
      2222          4        1.5          0        1.5 01-SEP-09                                                                                                                                        
      1010          2        1.5        1.5          3 01-SEP-06 31-AUG-07                                                                                                                              
      3333          2        1.5        1.5          3 01-SEP-05 31-AUG-08                                                                                                                              

19 rows selected.

SQL> DELETE
  2  FROM PLAN_DOCENTE
  3  WHERE DNI=4444;

3 rows deleted.

SQL> SELECT *
  2  FROM PLAN_DOCENTE
  3  WHERE DNI=4444;

no rows selected

SQL> SAVEPOINT P1;

Savepoint created.

SQL> DELETE
  2  FROM PLAN_DOCENTE
  3  WHERE DNI=1010;

3 rows deleted.

SQL> SAVEPOINT P2;

Savepoint created.

SQL> DELETE
  2  FROM PLAN_DOCENTE
  3  WHERE DNI=2222;

2 rows deleted.

SQL> SELECT *
  2  FROM PLAN_DOCENTE;

       DNI        CAS        CTA        CPA        CLA FI        FF                                                                                                                                     
---------- ---------- ---------- ---------- ---------- --------- ---------                                                                                                                              
      9999          7          3          3          0 01-SEP-10                                                                                                                                        
      5555          6          3          3          0 31-MAR-10                                                                                                                                        
      6666         10          3        1.5        1.5 01-SEP-08 31-AUG-11                                                                                                                              
      8888         11          6          0          0 01-SEP-09                                                                                                                                        
      2020          3        1.5          0        1.5 01-SEP-08                                                                                                                                        
      7777         12        4.5          3          0 01-SEP-10                                                                                                                                        
      3333          9        1.5          0        1.5 01-SEP-09                                                                                                                                        
      1111          8          3        1.5        1.5 01-SEP-07 31-AUG-09                                                                                                                              
      1111          8          3          0          0 01-SEP-09                                                                                                                                        
      3030          8          0        1.5        1.5 01-SEP-09                                                                                                                                        
      3333          2        1.5        1.5          3 01-SEP-05 31-AUG-08                                                                                                                              

11 rows selected.

SQL> INSERT INTO PLAN_DOCENTE
  2  VALUES(1010,9,1.5,0,1.5,'01-SEP-09',NULL);

1 row created.

SQL> SELECT *
  2  FROM PLAN_DOCENTE;

       DNI        CAS        CTA        CPA        CLA FI        FF                                                                                                                                     
---------- ---------- ---------- ---------- ---------- --------- ---------                                                                                                                              
      9999          7          3          3          0 01-SEP-10                                                                                                                                        
      5555          6          3          3          0 31-MAR-10                                                                                                                                        
      6666         10          3        1.5        1.5 01-SEP-08 31-AUG-11                                                                                                                              
      8888         11          6          0          0 01-SEP-09                                                                                                                                        
      2020          3        1.5          0        1.5 01-SEP-08                                                                                                                                        
      7777         12        4.5          3          0 01-SEP-10                                                                                                                                        
      3333          9        1.5          0        1.5 01-SEP-09                                                                                                                                        
      1010          9        1.5          0        1.5 01-SEP-09                                                                                                                                        
      1111          8          3        1.5        1.5 01-SEP-07 31-AUG-09                                                                                                                              
      1111          8          3          0          0 01-SEP-09                                                                                                                                        
      3030          8          0        1.5        1.5 01-SEP-09                                                                                                                                        
      3333          2        1.5        1.5          3 01-SEP-05 31-AUG-08                                                                                                                              

12 rows selected.

SQL> ROLLBACK TO P2
  2  ;

Rollback complete.

SQL> SELECT *
  2  FROM PLAN_DOCENTE;

       DNI        CAS        CTA        CPA        CLA FI        FF                                                                                                                                     
---------- ---------- ---------- ---------- ---------- --------- ---------                                                                                                                              
      2222          3        1.5          0        1.5 01-SEP-06 31-AUG-07                                                                                                                              
      9999          7          3          3          0 01-SEP-10                                                                                                                                        
      5555          6          3          3          0 31-MAR-10                                                                                                                                        
      6666         10          3        1.5        1.5 01-SEP-08 31-AUG-11                                                                                                                              
      8888         11          6          0          0 01-SEP-09                                                                                                                                        
      2020          3        1.5          0        1.5 01-SEP-08                                                                                                                                        
      7777         12        4.5          3          0 01-SEP-10                                                                                                                                        
      3333          9        1.5          0        1.5 01-SEP-09                                                                                                                                        
      1111          8          3        1.5        1.5 01-SEP-07 31-AUG-09                                                                                                                              
      1111          8          3          0          0 01-SEP-09                                                                                                                                        
      3030          8          0        1.5        1.5 01-SEP-09                                                                                                                                        
      2222          4        1.5          0        1.5 01-SEP-09                                                                                                                                        
      3333          2        1.5        1.5          3 01-SEP-05 31-AUG-08                                                                                                                              

13 rows selected.

SQL> ROLLBACK TO P1;

Rollback complete.

SQL> SELECT *
  2  FROM PLAN_DOCENTE;

       DNI        CAS        CTA        CPA        CLA FI        FF                                                                                                                                     
---------- ---------- ---------- ---------- ---------- --------- ---------                                                                                                                              
      2222          3        1.5          0        1.5 01-SEP-06 31-AUG-07                                                                                                                              
      1010          9          3          0          3 01-SEP-08 31-AUG-09                                                                                                                              
      1010          9        1.5          0        1.5 01-SEP-09                                                                                                                                        
      9999          7          3          3          0 01-SEP-10                                                                                                                                        
      5555          6          3          3          0 31-MAR-10                                                                                                                                        
      6666         10          3        1.5        1.5 01-SEP-08 31-AUG-11                                                                                                                              
      8888         11          6          0          0 01-SEP-09                                                                                                                                        
      2020          3        1.5          0        1.5 01-SEP-08                                                                                                                                        
      7777         12        4.5          3          0 01-SEP-10                                                                                                                                        
      3333          9        1.5          0        1.5 01-SEP-09                                                                                                                                        
      1111          8          3        1.5        1.5 01-SEP-07 31-AUG-09                                                                                                                              
      1111          8          3          0          0 01-SEP-09                                                                                                                                        
      3030          8          0        1.5        1.5 01-SEP-09                                                                                                                                        
      2222          4        1.5          0        1.5 01-SEP-09                                                                                                                                        
      1010          2        1.5        1.5          3 01-SEP-06 31-AUG-07                                                                                                                              
      3333          2        1.5        1.5          3 01-SEP-05 31-AUG-08                                                                                                                              

16 rows selected.

SQL> ROLLBACK WORK;

Rollback complete.

SQL> SELECT *
  2  FROM PLAN_DOCENTE;

       DNI        CAS        CTA        CPA        CLA FI        FF                                                                                                                                     
---------- ---------- ---------- ---------- ---------- --------- ---------                                                                                                                              
      2222          3        1.5          0        1.5 01-SEP-06 31-AUG-07                                                                                                                              
      1010          9          3          0          3 01-SEP-08 31-AUG-09                                                                                                                              
      1010          9        1.5          0        1.5 01-SEP-09                                                                                                                                        
      9999          7          3          3          0 01-SEP-10                                                                                                                                        
      5555          6          3          3          0 31-MAR-10                                                                                                                                        
      6666         10          3        1.5        1.5 01-SEP-08 31-AUG-11                                                                                                                              
      8888         11          6          0          0 01-SEP-09                                                                                                                                        
      2020          3        1.5          0        1.5 01-SEP-08                                                                                                                                        
      7777         12        4.5          3          0 01-SEP-10                                                                                                                                        
      3333          9        1.5          0        1.5 01-SEP-09                                                                                                                                        
      4444          1          3        1.5        1.5 01-SEP-11                                                                                                                                        
      4444          4        1.5          0        1.5 01-SEP-08 31-AUG-10                                                                                                                              
      4444          5          3          0          0 01-SEP-10                                                                                                                                        
      1111          8          3        1.5        1.5 01-SEP-07 31-AUG-09                                                                                                                              
      1111          8          3          0          0 01-SEP-09                                                                                                                                        
      3030          8          0        1.5        1.5 01-SEP-09                                                                                                                                        
      2222          4        1.5          0        1.5 01-SEP-09                                                                                                                                        
      1010          2        1.5        1.5          3 01-SEP-06 31-AUG-07                                                                                                                              
      3333          2        1.5        1.5          3 01-SEP-05 31-AUG-08                                                                                                                              

19 rows selected.

SQL> SPOOL OFF
