SQL> SET PAGESIZE 180
SQL> SET LINESIZE 200
SQL> SELECT *
  2  FROM DEPARTAMENTO;

        CD D                                                                                                                                                                                            
---------- ------------------------------------------------------------                                                                                                                                 
         1 Analisis Matematico                                                                                                                                                                          
         2 Astrofisica                                                                                                                                                                                  
         3 Estadistica, investigacion operativa y computacion                                                                                                                                           
         4 Matematica fundamental                                                                                                                                                                       

SQL> SELECT *
  2  FROM AREA;

       CAR AR                                                                   CD                                                                                                                      
---------- ------------------------------------------------------------ ----------                                                                                                                      
         1 Algebra                                                               4                                                                                                                      
         2 Analisis matematico                                                   1                                                                                                                      
         3 Astronomia y astrofisica                                              2                                                                                                                      
         4 Ciencias de la computacion e inteligencia artificial                  3                                                                                                                      
         5 Didactica de la matematica                                            1                                                                                                                      
         6 Estadistica e investigacion operativa                                 3                                                                                                                      
         7 Lenguajes y sistemas informaticos                                     3                                                                                                                      
         8 Matematica aplicada                                                   1                                                                                                                      

8 rows selected.

SQL> SELECT DNI
  2  FROM PROFESOR;

       DNI                                                                                                                                                                                              
----------                                                                                                                                                                                              
      1010                                                                                                                                                                                              
      1111                                                                                                                                                                                              
      2020                                                                                                                                                                                              
      2222                                                                                                                                                                                              
      3030                                                                                                                                                                                              
      3333                                                                                                                                                                                              
      4444                                                                                                                                                                                              
      5555                                                                                                                                                                                              
      6666                                                                                                                                                                                              
      7777                                                                                                                                                                                              
      8888                                                                                                                                                                                              
      9999                                                                                                                                                                                              

12 rows selected.

SQL> SELECT *
  2  FROM PROFESOR;

       DNI P                                                                   CAR CAT                                                                                                                  
---------- ------------------------------------------------------------ ---------- -----                                                                                                                
      1111 Juan                                                                  6 CU                                                                                                                   
      2222 Carlos                                                                7 TU                                                                                                                   
      3333 Pedro                                                                 4 TEU                                                                                                                  
      4444 Maria                                                                 7 TU                                                                                                                   
      5555 Ivan                                                                  1 CEU                                                                                                                  
      6666 Carmen                                                                3 CD                                                                                                                   
      7777 Mario                                                                 2 TU                                                                                                                   
      8888 Francisco                                                             5 TU                                                                                                                   
      9999 Angela                                                                8 TEU                                                                                                                  
      1010 David                                                                 4 TU                                                                                                                   
      2020 Soledad                                                               7 CU                                                                                                                   
      3030 Jose Manuel                                                           6 TEU                                                                                                                  

12 rows selected.

SQL> SELECT P, DNI, CAT, CAR
  2  FROM PROFESOR;

P                                                                   DNI CAT          CAR                                                                                                                
------------------------------------------------------------ ---------- ----- ----------                                                                                                                
Juan                                                               1111 CU             6                                                                                                                
Carlos                                                             2222 TU             7                                                                                                                
Pedro                                                              3333 TEU            4                                                                                                                
Maria                                                              4444 TU             7                                                                                                                
Ivan                                                               5555 CEU            1                                                                                                                
Carmen                                                             6666 CD             3                                                                                                                
Mario                                                              7777 TU             2                                                                                                                
Francisco                                                          8888 TU             5                                                                                                                
Angela                                                             9999 TEU            8                                                                                                                
David                                                              1010 TU             4                                                                                                                
Soledad                                                            2020 CU             7                                                                                                                
Jose Manuel                                                        3030 TEU            6                                                                                                                

12 rows selected.

SQL> SELECT P NOMBRE, DNI IDENTIFICADOR, CAT CATEGORIA, CAR AREA
  2  FROM PROFESOR;

NOMBRE                                                       IDENTIFICADOR CATEG       AREA                                                                                                             
------------------------------------------------------------ ------------- ----- ----------                                                                                                             
Juan                                                                  1111 CU             6                                                                                                             
Carlos                                                                2222 TU             7                                                                                                             
Pedro                                                                 3333 TEU            4                                                                                                             
Maria                                                                 4444 TU             7                                                                                                             
Ivan                                                                  5555 CEU            1                                                                                                             
Carmen                                                                6666 CD             3                                                                                                             
Mario                                                                 7777 TU             2                                                                                                             
Francisco                                                             8888 TU             5                                                                                                             
Angela                                                                9999 TEU            8                                                                                                             
David                                                                 1010 TU             4                                                                                                             
Soledad                                                               2020 CU             7                                                                                                             
Jose Manuel                                                           3030 TEU            6                                                                                                             

12 rows selected.

SQL> SELECT *
  2  FROM ASIGNATURA;

       CAS A                                                  T           CUR        CAR         CT         CP         CL                                                                               
---------- -------------------------------------------------- ---- ---------- ---------- ---------- ---------- ----------                                                                               
         1 Bases de datos                                     GII           3          7          3        1.5        1.5                                                                               
         2 Inteligencia Artificial                            GII           3          4        1.5        1.5          3                                                                               
         3 Almacenes de datos                                 MII           1          7        1.5          0        1.5                                                                               
         4 Mineria de datos                                   MII           1          7        1.5          0        1.5                                                                               
         5 Informatica Basica                                 GII           1          7          3        1.5        1.5                                                                               
         6 Algebra                                            GII           1          1          3          3          0                                                                               
         7 Calculo                                            GII           1          8          3          3          0                                                                               
         8 Optimizacion                                       GII           1          6          3        1.5        1.5                                                                               
         9 Gestion de riesgos                                 GII           3          4          3          0          3                                                                               
        10 Astronomia                                         GF            2          3          3        1.5        1.5                                                                               
        11 Ensenanza de la matematica                         GM            2          5          6          0          0                                                                               
        12 Analisis completo                                  GM            4          2        4.5          3          0                                                                               

12 rows selected.

SQL> SELECT *
  2  FROM ASIGNATURA
  3  WHERE T='GII';

       CAS A                                                  T           CUR        CAR         CT         CP         CL                                                                               
---------- -------------------------------------------------- ---- ---------- ---------- ---------- ---------- ----------                                                                               
         1 Bases de datos                                     GII           3          7          3        1.5        1.5                                                                               
         2 Inteligencia Artificial                            GII           3          4        1.5        1.5          3                                                                               
         5 Informatica Basica                                 GII           1          7          3        1.5        1.5                                                                               
         6 Algebra                                            GII           1          1          3          3          0                                                                               
         7 Calculo                                            GII           1          8          3          3          0                                                                               
         8 Optimizacion                                       GII           1          6          3        1.5        1.5                                                                               
         9 Gestion de riesgos                                 GII           3          4          3          0          3                                                                               

7 rows selected.

SQL> SELECT DNI
  2  FROM PROFESOR
  3  WHERE CAR=7;

       DNI                                                                                                                                                                                              
----------                                                                                                                                                                                              
      2222                                                                                                                                                                                              
      4444                                                                                                                                                                                              
      2020                                                                                                                                                                                              

SQL> SELECT DISTINT DNI
  2  FROM PROFESOR
  3  WHERE CAR=7;
SELECT DISTINT DNI
       *
ERROR at line 1:
ORA-00904: "DISTINT": invalid identifier 


SQL> SELECT UNIQUE DNI
  2  FROM PROFESOR
  3  WHERE CAR=7;

       DNI                                                                                                                                                                                              
----------                                                                                                                                                                                              
      2222                                                                                                                                                                                              
      4444                                                                                                                                                                                              
      2020                                                                                                                                                                                              

SQL> SELECT A
  2  FROM ASIGNATURA
  3  WHERE CAS >= 7;

A                                                                                                                                                                                                       
--------------------------------------------------                                                                                                                                                      
Calculo                                                                                                                                                                                                 
Optimizacion                                                                                                                                                                                            
Gestion de riesgos                                                                                                                                                                                      
Astronomia                                                                                                                                                                                              
Ensenanza de la matematica                                                                                                                                                                              
Analisis completo                                                                                                                                                                                       

6 rows selected.

SQL> SELECT A
  2  FROM ASIGNATURA
  3  WHERE CAS > 7;

A                                                                                                                                                                                                       
--------------------------------------------------                                                                                                                                                      
Optimizacion                                                                                                                                                                                            
Gestion de riesgos                                                                                                                                                                                      
Astronomia                                                                                                                                                                                              
Ensenanza de la matematica                                                                                                                                                                              
Analisis completo                                                                                                                                                                                       

SQL> SELECT CAS
  2  FROM ASIGNATURA
  3  WHERE A='ALMACENES DE DATOS';

no rows selected

SQL> SELECT * FROM ASIGNATURA;

       CAS A                                                  T           CUR        CAR         CT         CP         CL                                                                               
---------- -------------------------------------------------- ---- ---------- ---------- ---------- ---------- ----------                                                                               
         1 Bases de datos                                     GII           3          7          3        1.5        1.5                                                                               
         2 Inteligencia Artificial                            GII           3          4        1.5        1.5          3                                                                               
         3 Almacenes de datos                                 MII           1          7        1.5          0        1.5                                                                               
         4 Mineria de datos                                   MII           1          7        1.5          0        1.5                                                                               
         5 Informatica Basica                                 GII           1          7          3        1.5        1.5                                                                               
         6 Algebra                                            GII           1          1          3          3          0                                                                               
         7 Calculo                                            GII           1          8          3          3          0                                                                               
         8 Optimizacion                                       GII           1          6          3        1.5        1.5                                                                               
         9 Gestion de riesgos                                 GII           3          4          3          0          3                                                                               
        10 Astronomia                                         GF            2          3          3        1.5        1.5                                                                               
        11 Ensenanza de la matematica                         GM            2          5          6          0          0                                                                               
        12 Analisis completo                                  GM            4          2        4.5          3          0                                                                               

12 rows selected.

SQL> SELECT CAS
  2  FROM ASIGNATURA
  3  WHERE A='Almacenes de datos';

       CAS                                                                                                                                                                                              
----------                                                                                                                                                                                              
         3                                                                                                                                                                                              

SQL> SELECT A
  2  FROM ASIGNATURA
  3  WHERE CAS!=8;

A                                                                                                                                                                                                       
--------------------------------------------------                                                                                                                                                      
Bases de datos                                                                                                                                                                                          
Inteligencia Artificial                                                                                                                                                                                 
Almacenes de datos                                                                                                                                                                                      
Mineria de datos                                                                                                                                                                                        
Informatica Basica                                                                                                                                                                                      
Algebra                                                                                                                                                                                                 
Calculo                                                                                                                                                                                                 
Gestion de riesgos                                                                                                                                                                                      
Astronomia                                                                                                                                                                                              
Ensenanza de la matematica                                                                                                                                                                              
Analisis completo                                                                                                                                                                                       

11 rows selected.

SQL> SELECT A
  2  FROM ASIGNATURA
  3  WHERE CAS != 8 & CAS != 11;
Enter value for cas: 
old   3: WHERE CAS != 8 & CAS != 11
new   3: WHERE CAS != 8  != 11
WHERE CAS != 8  != 11
                *
ERROR at line 3:
ORA-00933: SQL command not properly ended 


SQL> SELECT A
  2  FROM ASIGNATURA
  3  WHERE CAS!=8 AND CAS!=11;

A                                                                                                                                                                                                       
--------------------------------------------------                                                                                                                                                      
Bases de datos                                                                                                                                                                                          
Inteligencia Artificial                                                                                                                                                                                 
Almacenes de datos                                                                                                                                                                                      
Mineria de datos                                                                                                                                                                                        
Informatica Basica                                                                                                                                                                                      
Algebra                                                                                                                                                                                                 
Calculo                                                                                                                                                                                                 
Gestion de riesgos                                                                                                                                                                                      
Astronomia                                                                                                                                                                                              
Analisis completo                                                                                                                                                                                       

10 rows selected.

SQL> SELECT CAS
  2  FROM ASIGNATURA
  3  ;

       CAS                                                                                                                                                                                              
----------                                                                                                                                                                                              
         1                                                                                                                                                                                              
         2                                                                                                                                                                                              
         3                                                                                                                                                                                              
         4                                                                                                                                                                                              
         5                                                                                                                                                                                              
         6                                                                                                                                                                                              
         7                                                                                                                                                                                              
         8                                                                                                                                                                                              
         9                                                                                                                                                                                              
        10                                                                                                                                                                                              
        11                                                                                                                                                                                              
        12                                                                                                                                                                                              

12 rows selected.

SQL> SELECT CAS
  2  FROM PLAN_DOCENTE
  3  WHERE DNI=3333;

       CAS                                                                                                                                                                                              
----------                                                                                                                                                                                              
         2                                                                                                                                                                                              
         9                                                                                                                                                                                              

SQL> SELECT CD
  2  FROM DEPARTAMENTO
  3  WHERE D='Astrofisica';

        CD                                                                                                                                                                                              
----------                                                                                                                                                                                              
         2                                                                                                                                                                                              

SQL> SELECT DNI
  2  FROM PLAN_DOCENTE
  3  WHERE FI='01-SEP-09';

       DNI                                                                                                                                                                                              
----------                                                                                                                                                                                              
      1010                                                                                                                                                                                              
      1111                                                                                                                                                                                              
      2222                                                                                                                                                                                              
      3030                                                                                                                                                                                              
      3333                                                                                                                                                                                              
      8888                                                                                                                                                                                              

6 rows selected.

SQL> SELECT DNI
  2  FROM PLAN_DOCENTE
  3  WHERE FI<'01-JAN-09';

       DNI                                                                                                                                                                                              
----------                                                                                                                                                                                              
      1010                                                                                                                                                                                              
      1010                                                                                                                                                                                              
      1111                                                                                                                                                                                              
      2020                                                                                                                                                                                              
      2222                                                                                                                                                                                              
      3333                                                                                                                                                                                              
      4444                                                                                                                                                                                              
      6666                                                                                                                                                                                              

8 rows selected.

SQL> SELECT A
  2  FROM ASIGNATURA
  3  WHERE CAR IN {3,5,8};
WHERE CAR IN {3,5,8}
             *
ERROR at line 3:
ORA-00936: missing expression 


SQL> SELECT A
  2  FROM ASIGNATURA
  3  WHERE CAR IN 3,5,8;
WHERE CAR IN 3,5,8
              *
ERROR at line 3:
ORA-00933: SQL command not properly ended 


SQL> SELECT A
  2  FROM ASIGNATURA
  3  WHERE CAR IN (3,5,8);

A                                                                                                                                                                                                       
--------------------------------------------------                                                                                                                                                      
Calculo                                                                                                                                                                                                 
Astronomia                                                                                                                                                                                              
Ensenanza de la matematica                                                                                                                                                                              

SQL> SELECT A
  2  FROM ASIGNATURA
  3  WHERE CAR NOT IN (3,5,8);

A                                                                                                                                                                                                       
--------------------------------------------------                                                                                                                                                      
Bases de datos                                                                                                                                                                                          
Inteligencia Artificial                                                                                                                                                                                 
Almacenes de datos                                                                                                                                                                                      
Mineria de datos                                                                                                                                                                                        
Informatica Basica                                                                                                                                                                                      
Algebra                                                                                                                                                                                                 
Optimizacion                                                                                                                                                                                            
Gestion de riesgos                                                                                                                                                                                      
Analisis completo                                                                                                                                                                                       

9 rows selected.

SQL> SELECT P
  2  FROM PROFESOR
  3  WHERE DNI BETWEEN 3000 AND 7000;

P                                                                                                                                                                                                       
------------------------------------------------------------                                                                                                                                            
Jose Manuel                                                                                                                                                                                             
Pedro                                                                                                                                                                                                   
Maria                                                                                                                                                                                                   
Ivan                                                                                                                                                                                                    
Carmen                                                                                                                                                                                                  

SQL> SELECT P
  2  FROM PROFESOR
  3  WHERE DNI NOT BETWEEN 3000 AND 7000;

P                                                                                                                                                                                                       
------------------------------------------------------------                                                                                                                                            
Juan                                                                                                                                                                                                    
Carlos                                                                                                                                                                                                  
Mario                                                                                                                                                                                                   
Francisco                                                                                                                                                                                               
Angela                                                                                                                                                                                                  
David                                                                                                                                                                                                   
Soledad                                                                                                                                                                                                 

7 rows selected.

SQL> SELECT CAS
  2  FROM PLAN_DOCENTE
  3  WHERE DNI
  4  = 1111;

       CAS                                                                                                                                                                                              
----------                                                                                                                                                                                              
         8                                                                                                                                                                                              
         8                                                                                                                                                                                              

SQL> SELECT * FROM ASIGNATURA;

       CAS A                                                  T           CUR        CAR         CT         CP         CL                                                                               
---------- -------------------------------------------------- ---- ---------- ---------- ---------- ---------- ----------                                                                               
         1 Bases de datos                                     GII           3          7          3        1.5        1.5                                                                               
         2 Inteligencia Artificial                            GII           3          4        1.5        1.5          3                                                                               
         3 Almacenes de datos                                 MII           1          7        1.5          0        1.5                                                                               
         4 Mineria de datos                                   MII           1          7        1.5          0        1.5                                                                               
         5 Informatica Basica                                 GII           1          7          3        1.5        1.5                                                                               
         6 Algebra                                            GII           1          1          3          3          0                                                                               
         7 Calculo                                            GII           1          8          3          3          0                                                                               
         8 Optimizacion                                       GII           1          6          3        1.5        1.5                                                                               
         9 Gestion de riesgos                                 GII           3          4          3          0          3                                                                               
        10 Astronomia                                         GF            2          3          3        1.5        1.5                                                                               
        11 Ensenanza de la matematica                         GM            2          5          6          0          0                                                                               
        12 Analisis completo                                  GM            4          2        4.5          3          0                                                                               

12 rows selected.

SQL> SELECT A, CT+CP+CL CREDITOS_TOTALES
  2  FROM ASIGNATURA;

A                                                  CREDITOS_TOTALES                                                                                                                                     
-------------------------------------------------- ----------------                                                                                                                                     
Bases de datos                                                    6                                                                                                                                     
Inteligencia Artificial                                           6                                                                                                                                     
Almacenes de datos                                                3                                                                                                                                     
Mineria de datos                                                  3                                                                                                                                     
Informatica Basica                                                6                                                                                                                                     
Algebra                                                           6                                                                                                                                     
Calculo                                                           6                                                                                                                                     
Optimizacion                                                      6                                                                                                                                     
Gestion de riesgos                                                6                                                                                                                                     
Astronomia                                                        6                                                                                                                                     
Ensenanza de la matematica                                        6                                                                                                                                     
Analisis completo                                               7.5                                                                                                                                     

12 rows selected.

SQL> SPOOL OFF
