SQL> CREATE TABLE TITULACION
  2  (T CHAR(5) PRIMARY KEY, FAC VARCHAR2(60));
CREATE TABLE TITULACION
             *
ERROR at line 1:
ORA-00955: name is already used by an existing object 


SQL> SELECT *
  2  FROM TITULACION;

T      FAC                                                                                                                                                                                              
------ ------------------------------                                                                                                                                                                   
GF     Facultad de Fisica                                                                                                                                                                               
GM     Facultad de Matematicas                                                                                                                                                                          
GII    Facultad de Informatica                                                                                                                                                                          
MII    Facultad de Informatica                                                                                                                                                                          

SQL> SELECT *
  2  FROM VISTA1;
FROM VISTA1
     *
ERROR at line 2:
ORA-00942: table or view does not exist 


SQL> DROP TABLE TITULACION;

Table dropped.

SQL> SELECT *
  2  FROM TITULACION;
FROM TITULACION
     *
ERROR at line 2:
ORA-00942: table or view does not exist 


SQL> CREATE TABLE TITULACION
  2  (T CHAR(5) PRIMARY KEY, FAC VARCHAR2(60));

Table created.

SQL> INSERT INTO TITULACION (T)
  2  SELECT DISTINCT T
  3  FROM ASIGNATURA;

4 rows created.

SQL> SELECT *
  2  FROM TITULACION;

T     FAC                                                                                                                                                                                               
----- ------------------------------------------------------------                                                                                                                                      
GF                                                                                                                                                                                                      
GM                                                                                                                                                                                                      
GII                                                                                                                                                                                                     
MII                                                                                                                                                                                                     

SQL> UPDATE TITULACION
  2  SET FAC='Facultad de Informatica'
  3  WHERE T='GF' OR T='GII';

2 rows updated.

SQL> UPDATE TITULACION
  2  SET FAC='Facultad de Biologia'
  3  WHERE T='GM' OR T='MII';

2 rows updated.

SQL> CREATE SYNONYM TIT FOR TITULACION;
CREATE SYNONYM TIT FOR TITULACION
               *
ERROR at line 1:
ORA-00955: name is already used by an existing object 


SQL> DELETE SYNONYM TIT;
DELETE SYNONYM TIT
       *
ERROR at line 1:
ORA-00903: invalid table name 


SQL> DROP SYNONYM TIT;

Synonym dropped.

SQL> CREATE SYNONYM TIT FOR TITULACION;

Synonym created.

SQL> SELECT *
  2  FROM TIT;

T     FAC                                                                                                                                                                                               
----- ------------------------------------------------------------                                                                                                                                      
GF    Facultad de Informatica                                                                                                                                                                           
GM    Facultad de Biologia                                                                                                                                                                              
GII   Facultad de Informatica                                                                                                                                                                           
MII   Facultad de Biologia                                                                                                                                                                              

SQL> ALTER TABLE ASIGNATURA
  2  MODIFY(T CHAR(5) CONSTRAINT
  3  FK_ASIGNATURA_TITULACION REFERENCES TITULACION ON
  4  DELETE CASCADE);

Table altered.

SQL> ALTER TABLE TITULACION
  2  MODIFY (T CHAR(7));
ALTER TABLE TITULACION
*
ERROR at line 1:
ORA-02292: integrity constraint (ALU0100958379.FK_ASIGNATURA_TITULACION) violated - child record found 


SQL> ALTER TABLE TITULACION
  2  MODIFY (T CHAR(6));
ALTER TABLE TITULACION
*
ERROR at line 1:
ORA-02292: integrity constraint (ALU0100958379.FK_ASIGNATURA_TITULACION) violated - child record found 


SQL> ALTER TABLE ASIGNATURA
  2  MODIFY(T CHAR(7));
ALTER TABLE ASIGNATURA
*
ERROR at line 1:
ORA-02291: integrity constraint (ALU0100958379.FK_ASIGNATURA_TITULACION) violated - parent key not found 


SQL> ALTER TABLE TITULACION
  2  MODIFY (T CHAR(7));
ALTER TABLE TITULACION
*
ERROR at line 1:
ORA-02292: integrity constraint (ALU0100958379.FK_ASIGNATURA_TITULACION) violated - child record found 


SQL> CREATE VIEW VISTA1
  2  AS (SELECT CAS,A,T,CUR,CAR
  3  FROM ASIGNATURA);

View created.

SQL> SELECT *
  2  FROM VISTA1;

       CAS A                                                  T            CUR        CAR                                                                                                               
---------- -------------------------------------------------- ----- ---------- ----------                                                                                                               
         1 Bases de datos                                     GII            3          7                                                                                                               
         2 Inteligencia Artificial                            GII            3          4                                                                                                               
         3 Almacenes de datos                                 MII            1          7                                                                                                               
         4 Mineria de datos                                   MII            1          7                                                                                                               
         5 Informatica Basica                                 GII            1          7                                                                                                               
         6 Algebra                                            GII            1          1                                                                                                               
         7 Calculo                                            GII            1          8                                                                                                               
         8 Optimizacion                                       GII            1          6                                                                                                               
         9 Gestion de riesgos                                 GII            3          4                                                                                                               
        10 Astronomia                                         GF             2          3                                                                                                               
        11 Ensenanza de la matematica                         GM             2          5                                                                                                               
        12 Analisis completo                                  GM             4          2                                                                                                               

12 rows selected.

SQL> INSERT INTO VISTA1
  2  VALUES(13,'Estadistica','GII',3,7);

1 row created.

SQL> SELECT *
  2  FROM VISTA1;

       CAS A                                                  T            CUR        CAR                                                                                                               
---------- -------------------------------------------------- ----- ---------- ----------                                                                                                               
        13 Estadistica                                        GII            3          7                                                                                                               
         1 Bases de datos                                     GII            3          7                                                                                                               
         2 Inteligencia Artificial                            GII            3          4                                                                                                               
         3 Almacenes de datos                                 MII            1          7                                                                                                               
         4 Mineria de datos                                   MII            1          7                                                                                                               
         5 Informatica Basica                                 GII            1          7                                                                                                               
         6 Algebra                                            GII            1          1                                                                                                               
         7 Calculo                                            GII            1          8                                                                                                               
         8 Optimizacion                                       GII            1          6                                                                                                               
         9 Gestion de riesgos                                 GII            3          4                                                                                                               
        10 Astronomia                                         GF             2          3                                                                                                               
        11 Ensenanza de la matematica                         GM             2          5                                                                                                               
        12 Analisis completo                                  GM             4          2                                                                                                               

13 rows selected.

SQL> SELECT *
  2  FROM ASIGNATURA;

       CAS A                                                  T            CUR        CAR         CT         CP         CL                                                                              
---------- -------------------------------------------------- ----- ---------- ---------- ---------- ---------- ----------                                                                              
        13 Estadistica                                        GII            3          7          0          0          0                                                                              
         1 Bases de datos                                     GII            3          7          3        1.5        1.5                                                                              
         2 Inteligencia Artificial                            GII            3          4        1.5        1.5          3                                                                              
         3 Almacenes de datos                                 MII            1          7        1.5          0        1.5                                                                              
         4 Mineria de datos                                   MII            1          7        1.5          0        1.5                                                                              
         5 Informatica Basica                                 GII            1          7          3        1.5        1.5                                                                              
         6 Algebra                                            GII            1          1          3          3          0                                                                              
         7 Calculo                                            GII            1          8          3          3          0                                                                              
         8 Optimizacion                                       GII            1          6          3        1.5        1.5                                                                              
         9 Gestion de riesgos                                 GII            3          4          3          0          3                                                                              
        10 Astronomia                                         GF             2          3          3        1.5        1.5                                                                              
        11 Ensenanza de la matematica                         GM             2          5          6          0          0                                                                              
        12 Analisis completo                                  GM             4          2        4.5          3          0                                                                              

13 rows selected.

SQL> UPDATE VISTA1
  2  SET CAR=6
  3  WHERE CAS=13;

1 row updated.

SQL> SELECT *
  2  FROM VISTA1;

       CAS A                                                  T            CUR        CAR                                                                                                               
---------- -------------------------------------------------- ----- ---------- ----------                                                                                                               
        13 Estadistica                                        GII            3          6                                                                                                               
         1 Bases de datos                                     GII            3          7                                                                                                               
         2 Inteligencia Artificial                            GII            3          4                                                                                                               
         3 Almacenes de datos                                 MII            1          7                                                                                                               
         4 Mineria de datos                                   MII            1          7                                                                                                               
         5 Informatica Basica                                 GII            1          7                                                                                                               
         6 Algebra                                            GII            1          1                                                                                                               
         7 Calculo                                            GII            1          8                                                                                                               
         8 Optimizacion                                       GII            1          6                                                                                                               
         9 Gestion de riesgos                                 GII            3          4                                                                                                               
        10 Astronomia                                         GF             2          3                                                                                                               
        11 Ensenanza de la matematica                         GM             2          5                                                                                                               
        12 Analisis completo                                  GM             4          2                                                                                                               

13 rows selected.

SQL> SELECT *
  2  FROM ASIGNATURA;

       CAS A                                                  T            CUR        CAR         CT         CP         CL                                                                              
---------- -------------------------------------------------- ----- ---------- ---------- ---------- ---------- ----------                                                                              
        13 Estadistica                                        GII            3          6          0          0          0                                                                              
         1 Bases de datos                                     GII            3          7          3        1.5        1.5                                                                              
         2 Inteligencia Artificial                            GII            3          4        1.5        1.5          3                                                                              
         3 Almacenes de datos                                 MII            1          7        1.5          0        1.5                                                                              
         4 Mineria de datos                                   MII            1          7        1.5          0        1.5                                                                              
         5 Informatica Basica                                 GII            1          7          3        1.5        1.5                                                                              
         6 Algebra                                            GII            1          1          3          3          0                                                                              
         7 Calculo                                            GII            1          8          3          3          0                                                                              
         8 Optimizacion                                       GII            1          6          3        1.5        1.5                                                                              
         9 Gestion de riesgos                                 GII            3          4          3          0          3                                                                              
        10 Astronomia                                         GF             2          3          3        1.5        1.5                                                                              
        11 Ensenanza de la matematica                         GM             2          5          6          0          0                                                                              
        12 Analisis completo                                  GM             4          2        4.5          3          0                                                                              

13 rows selected.

SQL> CREATE VIEW VISTA2
  2  AS (SELECT DNI,A,T,CUR,CAR
  3  FROM PLAN_DOCENTE NATURAL JOIN VISTA1;
FROM PLAN_DOCENTE NATURAL JOIN VISTA1
                                    *
ERROR at line 3:
ORA-00907: missing right parenthesis 


SQL> CREATE VIEW VISTA2
  2  AS (SELECT DNI,A,T,CUR,CAR
  3  FROM PLAN_DOCENTE NATURAL JOIN VISTA1);

View created.

SQL> SELECT *
  2  FROM VISTA2;

       DNI A                                                  T            CUR        CAR                                                                                                               
---------- -------------------------------------------------- ----- ---------- ----------                                                                                                               
      4444 Bases de datos                                     GII            3          7                                                                                                               
      3333 Inteligencia Artificial                            GII            3          4                                                                                                               
      1010 Inteligencia Artificial                            GII            3          4                                                                                                               
      2222 Almacenes de datos                                 MII            1          7                                                                                                               
      2020 Almacenes de datos                                 MII            1          7                                                                                                               
      4444 Mineria de datos                                   MII            1          7                                                                                                               
      2222 Mineria de datos                                   MII            1          7                                                                                                               
      4444 Informatica Basica                                 GII            1          7                                                                                                               
      5555 Algebra                                            GII            1          1                                                                                                               
      9999 Calculo                                            GII            1          8                                                                                                               
      3030 Optimizacion                                       GII            1          6                                                                                                               
      1111 Optimizacion                                       GII            1          6                                                                                                               
      1111 Optimizacion                                       GII            1          6                                                                                                               
      3333 Gestion de riesgos                                 GII            3          4                                                                                                               
      1010 Gestion de riesgos                                 GII            3          4                                                                                                               
      1010 Gestion de riesgos                                 GII            3          4                                                                                                               
      6666 Astronomia                                         GF             2          3                                                                                                               
      8888 Ensenanza de la matematica                         GM             2          5                                                                                                               
      7777 Analisis completo                                  GM             4          2                                                                                                               

19 rows selected.

SQL> UPDATE VISTA2
  2  SET A='Bases de datos2'
  3  WHERE DNI=4444;
SET A='Bases de datos2'
    *
ERROR at line 2:
ORA-01779: cannot modify a column which maps to a non key-preserved table 


SQL> 
SQL> FROM INFORMATION_SCHEMA.VISTA2;
SP2-0734: unknown command beginning "FROM INFOR..." - rest of line ignored.
SQL> SELECT *
  2  FROM INFORMATION_SCHEMA.VISTA2;
FROM INFORMATION_SCHEMA.VISTA2
                        *
ERROR at line 2:
ORA-00942: table or view does not exist 


SQL> SELECT *
  2  FROM VISTA2;

       DNI A                                                  T            CUR        CAR                                                                                                               
---------- -------------------------------------------------- ----- ---------- ----------                                                                                                               
      4444 Bases de datos                                     GII            3          7                                                                                                               
      3333 Inteligencia Artificial                            GII            3          4                                                                                                               
      1010 Inteligencia Artificial                            GII            3          4                                                                                                               
      2222 Almacenes de datos                                 MII            1          7                                                                                                               
      2020 Almacenes de datos                                 MII            1          7                                                                                                               
      4444 Mineria de datos                                   MII            1          7                                                                                                               
      2222 Mineria de datos                                   MII            1          7                                                                                                               
      4444 Informatica Basica                                 GII            1          7                                                                                                               
      5555 Algebra                                            GII            1          1                                                                                                               
      9999 Calculo                                            GII            1          8                                                                                                               
      3030 Optimizacion                                       GII            1          6                                                                                                               
      1111 Optimizacion                                       GII            1          6                                                                                                               
      1111 Optimizacion                                       GII            1          6                                                                                                               
      3333 Gestion de riesgos                                 GII            3          4                                                                                                               
      1010 Gestion de riesgos                                 GII            3          4                                                                                                               
      1010 Gestion de riesgos                                 GII            3          4                                                                                                               
      6666 Astronomia                                         GF             2          3                                                                                                               
      8888 Ensenanza de la matematica                         GM             2          5                                                                                                               
      7777 Analisis completo                                  GM             4          2                                                                                                               

19 rows selected.

SQL> SELECT *
  2  FROM INFORMATION_SCHEMA.VISTA2;
FROM INFORMATION_SCHEMA.VISTA2
                        *
ERROR at line 2:
ORA-00942: table or view does not exist 


SQL> DROP VIEW VISTA1;

View dropped.

SQL> SELECT *
  2  FROM VISTA2;
FROM VISTA2
     *
ERROR at line 2:
ORA-04063: view "ALU0100958379.VISTA2" has errors 


SQL> ROLLBACK;

Rollback complete.

SQL> SELECT *
  2  FROM VISTA1;
FROM VISTA1
     *
ERROR at line 2:
ORA-00942: table or view does not exist 


SQL> CREATE INDEX INDICE1
  2  ON PROFESOR(P);

Index created.

SQL> SELECT DNI
  2  FROM PROFESOR
  3  WHERE P='Juan';

       DNI                                                                                                                                                                                              
----------                                                                                                                                                                                              
      1111                                                                                                                                                                                              

SQL> DROP INDEX INDICE1
  2  ;

Index dropped.

SQL> CREATE INDEX INDICE2
  2  ON VISTA1(CAR);
ON VISTA1(CAR)
   *
ERROR at line 2:
ORA-00942: table or view does not exist 


SQL> GRANT SELECT ON DEPARTAMENTO TO alumno;

Grant succeeded.

SQL> GRANT SELECT ON AREA TO alumno;

Grant succeeded.

SQL> GRANT SELECT ON ASIGNATURA TO alumno;

Grant succeeded.

SQL> GRANT SELECT ON TITULACION TO alumno;

Grant succeeded.

SQL> GRANT INSERT ON DEPARTAMENTO TO alumno;

Grant succeeded.

SQL> GRANT INSERT ON AREA TO alumno;

Grant succeeded.

SQL> GRANT DELETE ON DEPARTAMENTO TO alumno;

Grant succeeded.

SQL> GRANT DELETE ON AREA TO alumno;

Grant succeeded.

SQL> GRANT UPDATE ON DEPARTAMENTO TO alumno;

Grant succeeded.

SQL> GRANT UPDATE ON AREA TO alumno;

Grant succeeded.

SQL> GRANT UPDATE ON ASIGNATURA TO alumno;

Grant succeeded.

SQL> GRANT UPDATE ON TITULACION TO alumno;

Grant succeeded.

SQL> COMMIT WORK;

Commit complete.

SQL> CONNECT alumno
ERROR:
ORA-12162: TNS:net service name is incorrectly specified 


Warning: You are no longer connected to ORACLE.
SQL> CONNECT alumno
ERROR:
ORA-12162: TNS:net service name is incorrectly specified 


SQL> CONNECT alumno
ERROR:
ORA-12162: TNS:net service name is incorrectly specified 


SQL> CONNECT alumno
ERROR:
ORA-12162: TNS:net service name is incorrectly specified 


SQL> CONNECT alumno
ERROR:
ORA-12162: TNS:net service name is incorrectly specified 


SQL> CONNECT alumno
ERROR:
ORA-12162: TNS:net service name is incorrectly specified 


SQL> CONNECT alumno
ERROR:
ORA-12162: TNS:net service name is incorrectly specified 


SQL> CONNECT alumno
ERROR:
ORA-12162: TNS:net service name is incorrectly specified 


SQL> SPOOL OFF
SQL> CONNECT alumno @ORCLPDB1
Connected.
SQL> SELECT *
  2  FROM alu0100958379.DEPARTAMENTO;

        CD D                                                                                                                                                                                            
---------- ------------------------------------------------------------                                                                                                                                 
         1 Analisis Matematico                                                                                                                                                                          
         2 Astrofisica                                                                                                                                                                                  
         3 Estadistica, investigacion operativa y computacion                                                                                                                                           
         4 Matematica fundamental                                                                                                                                                                       

SQL> SELECT *
  2  FROM alu0100958379.PROFESOR;
FROM alu0100958379.PROFESOR
                   *
ERROR at line 2:
ORA-00942: table or view does not exist 


SQL> SELECT *
  2  FROM alu0100958379.PROFESORES;
FROM alu0100958379.PROFESORES
                   *
ERROR at line 2:
ORA-00942: table or view does not exist 


SQL> EXIT
SQL> SET PAGESIZE 180
SQL> SET LINESIZE 200
SQL> INSERT INTO alu0100958379.DEPARTAMENTO
  2  VALUES(5,'Economia');

1 row created.

SQL> 
SQL> SELECT *
  2  FROM DEPARTAMENTO;

        CD D                                                                                                                                                                                            
---------- ------------------------------------------------------------                                                                                                                                 
         5 Economia                                                                                                                                                                                     
         1 Analisis Matematico                                                                                                                                                                          
         2 Astrofisica                                                                                                                                                                                  
         3 Estadistica, investigacion operativa y computacion                                                                                                                                           
         4 Matematica fundamental                                                                                                                                                                       

SQL> DELETE
  2  FROM DEPARTAMENTO
  3  WHERE CD=5;

1 row deleted.

SQL> SELECT *
  2  FROM DEPARTAMENTO
  3  ;

        CD D                                                                                                                                                                                            
---------- ------------------------------------------------------------                                                                                                                                 
         1 Analisis Matematico                                                                                                                                                                          
         2 Astrofisica                                                                                                                                                                                  
         3 Estadistica, investigacion operativa y computacion                                                                                                                                           
         4 Matematica fundamental                                                                                                                                                                       

SQL> CONNECT alumno @ORCLPDB1
Connected.
SQL> INSERT INTO alu0100958379.DEPARTAMENTO
  2  VALUES(5,'Economia');

1 row created.

SQL> UPDATE alu0100958379.DEPARTAMENTO
  2  SET D='Economia aplicada'
  3  WHERE CD=5;

1 row updated.

SQL> SELECT *
  2  FROM TITULACION;
FROM TITULACION
     *
ERROR at line 2:
ORA-00942: table or view does not exist 


SQL> UPDATE alu0100958379.TITULACION
  2  SET FAC='ETSII'
  3  WHERE T='GII';

1 row updated.

SQL> DELETE
  2  FROM alu0100958379.TITULACION
  3  WHERE T='GII';
FROM alu0100958379.TITULACION
                   *
ERROR at line 2:
ORA-01031: insufficient privileges 


SQL> SELECT *
  2  FROM TITULACION;
FROM TITULACION
     *
ERROR at line 2:
ORA-00942: table or view does not exist 


SQL> SELECT *
  2  FROM alu0100958379.TITULACION;

T     FAC                                                                                                                                                                                               
----- ------------------------------------------------------------                                                                                                                                      
GF    Facultad de Informatica                                                                                                                                                                           
GM    Facultad de Biologia                                                                                                                                                                              
GII   ETSII                                                                                                                                                                                             
MII   Facultad de Biologia                                                                                                                                                                              

SQL> ROLLBACK;

Rollback complete.

SQL> ROLLBACK alu0100958379;
ROLLBACK alu0100958379
         *
ERROR at line 1:
ORA-02181: invalid option to ROLLBACK WORK 


SQL> CREATE VIEW VISTA3
  2  AS (SELECT A,CAR
  3  FROM ASIGNATURA);
FROM ASIGNATURA)
     *
ERROR at line 3:
ORA-00942: table or view does not exist 


SQL> CREATE VIEW VISTA3
  2  AS (SELECT A, CAR
  3  FROM alu0100958379.ASIGNATURA);

View created.

SQL> SELECT *
  2  FROM VISTA3;

A                                                         CAR                                                                                                                                           
-------------------------------------------------- ----------                                                                                                                                           
Estadistica                                                 6                                                                                                                                           
Bases de datos                                              7                                                                                                                                           
Inteligencia Artificial                                     4                                                                                                                                           
Almacenes de datos                                          7                                                                                                                                           
Mineria de datos                                            7                                                                                                                                           
Informatica Basica                                          7                                                                                                                                           
Algebra                                                     1                                                                                                                                           
Calculo                                                     8                                                                                                                                           
Optimizacion                                                6                                                                                                                                           
Gestion de riesgos                                          4                                                                                                                                           
Astronomia                                                  3                                                                                                                                           
Ensenanza de la matematica                                  5                                                                                                                                           
Analisis completo                                           2                                                                                                                                           

13 rows selected.

SQL> DROP VISTA3;
DROP VISTA3
     *
ERROR at line 1:
ORA-00950: invalid DROP option 


SQL> DELETE VISTA3;
DELETE VISTA3
       *
ERROR at line 1:
ORA-01031: insufficient privileges 


SQL> DROP VIEW VISTA3;

View dropped.

SQL> DROP TABLE ASIGNATURA;
DROP TABLE ASIGNATURA
           *
ERROR at line 1:
ORA-00942: table or view does not exist 


SQL> DROP TABLE alu0100958379.ASIGNATURA;
DROP TABLE alu0100958379.ASIGNATURA
                         *
ERROR at line 1:
ORA-01031: insufficient privileges 


SQL> CONNECT alu0100958379 @ORCLPDB1
Connected.
SQL> SELECT *
  2  FROM DEPARTAMENTO;

        CD D                                                                                                                                                                                            
---------- ------------------------------------------------------------                                                                                                                                 
         1 Analisis Matematico                                                                                                                                                                          
         2 Astrofisica                                                                                                                                                                                  
         3 Estadistica, investigacion operativa y computacion                                                                                                                                           
         4 Matematica fundamental                                                                                                                                                                       

SQL> REVOKE ALL ON alu0100958379.* from alumno@ORCLPDB1;
REVOKE ALL ON alu0100958379.* from alumno@ORCLPDB1
                            *
ERROR at line 1:
ORA-00903: invalid table name 


SQL> REVOKE UPDATE
  2  ON alu0100958379.DEPARTAMENTO
  3  FROM alumno;

Revoke succeeded.

SQL> REVOKE UPDATE
  2  ON alu0100958379.AREA
  3  FROM alumno;

Revoke succeeded.

SQL> REVOKE UPDATE
  2  ON alu0100958379.ASIGNATURA
  3  FROM alumno;

Revoke succeeded.

SQL> REVOKE UPDATE
  2  ON alu0100958379.TITULACION
  3  FROM alumno;

Revoke succeeded.

SQL> REVOKE INSERT
  2  ON alu0100958379.DEPARTAMENTO
  3  FROM alumno;

Revoke succeeded.

SQL> REVOKE INSERT
  2  ON alu0100958379.AREA
  3  FROM alumno;

Revoke succeeded.

SQL> REVOKE UPDATE
  2  ON alu0100958379.DEPARTAMENTO
  3  FROM alumno;
REVOKE UPDATE
*
ERROR at line 1:
ORA-01927: cannot REVOKE privileges you did not grant 


SQL> ON alu0100958379.DEPARTAMENTOREVOKE UPDATE
SP2-0734: unknown command beginning "ON alu0100..." - rest of line ignored.
SQL> REVOKE UPDATE
  2  ON alu0100958379.AREA
  3  FROM alumno;
REVOKE UPDATE
*
ERROR at line 1:
ORA-01927: cannot REVOKE privileges you did not grant 


SQL> REVOKE DELETE
  2  ON alu0100958379.DEPARTAMENTO
  3  FROM alumno;

Revoke succeeded.

SQL> REVOKE DELETE
  2  ON alu0100958379.AREA
  3  FROM alumno;

Revoke succeeded.

SQL> REVOKE UPDATE
  2  ON alu0100958379.ASIGNATURA
  3  FROM alumno;
REVOKE UPDATE
*
ERROR at line 1:
ORA-01927: cannot REVOKE privileges you did not grant 


SQL> exit
